// Jest Snapshot v1, https://goo.gl/fbAQLP

exports[`should render Button component should render Button component 1`] = `
<button
  className="custom-button"
  onClick={[Function]}
/>
`;
